
> microfinance-app@0.1.0 build
> next build

Γû▓ Next.js 16.2.6 (Turbopack)
- Environments: .env.local

node.exe : ΓÜá The "middleware" file convention is deprecated. Please use "proxy" instead. 
Learn more: https://nextjs.org/docs/messages/middleware-to-proxy
At line:1 char:1
+ & "C:\Program Files\nodejs/node.exe" "C:\Program Files\nodejs/node_mo ...
+ ~~~~~~~~~~~~~~~~~~~~~~~~~~~~~~~~~~~~~~~~~~~~~~~~~~~~~~~~~~~~~~~~~~~~~
    + CategoryInfo          : NotSpecified: (ΓÜá The "middle...leware-to-proxy:String) [], Rem 
   oteException
    + FullyQualifiedErrorId : NativeCommandError
 
  Creating an optimized production build ...
Γ£ô Compiled successfully in 9.5s
  Running TypeScript ...
  Finished TypeScript in 15.5s ...
  Collecting page data using 11 workers ...
  Generating static pages using 11 workers (0/67) ...
  Generating static pages using 11 workers (16/67) 
  Generating static pages using 11 workers (33/67) 
  Generating static pages using 11 workers (50/67) 
Γ£ô Generating static pages using 11 workers (67/67) in 1485ms
  Finalizing page optimization ...

Route (app)
Γöî Γùï /
Γö£ Γùï /_not-found
Γö£ Γùï /accounting/advanced-reporting
Γö£ Γùï /accounting/balance-sheet
Γö£ Γùï /accounting/cash-flow
Γö£ Γùï /accounting/cash-flow-forecast
Γö£ Γùï /accounting/cash-flow-statement
Γö£ Γùï /accounting/cash-flow-trends
Γö£ Γùï /accounting/close-status
Γö£ Γùï /accounting/dayend
Γö£ Γùï /accounting/exchange-rates
Γö£ Γùï /accounting/expense-breakdown
Γö£ Γùï /accounting/financing-cash-flow
Γö£ Γùï /accounting/investing-cash-flow
Γö£ Γùï /accounting/journal
Γö£ Γùï /accounting/liquidity-analysis
Γö£ Γùï /accounting/multi-currency-loans
Γö£ Γùï /accounting/operating-cash-flow
Γö£ Γùï /accounting/period-management
Γö£ Γùï /accounting/pl-statement
Γö£ Γùï /accounting/portfolio-currency
Γö£ Γùï /accounting/profit-loss
Γö£ Γùï /accounting/rate-impact
Γö£ Γùï /accounting/reconciliation
Γö£ Γùï /accounting/revenue-breakdown
Γö£ Γùï /accounting/risk-dashboard
Γö£ Γùï /accounting/trial-balance
Γö£ Γùï /addressbook
Γö£ Γùï /admin/war-room
Γö£ Γùï /audit
Γö£ Γùï /branch/daily-ops
Γö£ Γùï /branches
Γö£ Γùï /capital-accounts
Γö£ ╞Æ /capital-accounts/[id]
Γö£ ╞Æ /capital-accounts/[id]/transactions/new
Γö£ Γùï /capital-accounts/new
Γö£ Γùï /cases/new
Γö£ Γùï /collection-approvals
Γö£ Γùï /collection-entry
Γö£ Γùï /collections
Γö£ Γùï /collections-advanced
Γö£ Γùï /collections/requests
Γö£ Γùï /dashboard
Γö£ Γùï /equity/partners
Γö£ Γùï /equity/profit
Γö£ Γùï /equity/profit-distribution
Γö£ Γùï /finance/ledger
Γö£ Γùï /integration-status
Γö£ Γùï /investor/dashboard
Γö£ Γùï /ledger
Γö£ Γùï /loan-approvals
Γö£ Γùï /loans
Γö£ Γùï /loans/applications
Γö£ Γùï /loans/loan-portfolio
Γö£ Γùï /loans/new-case
Γö£ Γùï /loans/products
Γö£ Γùï /login
Γö£ Γùï /mobile/collection-sheet
Γö£ Γùï /quick-pay
Γö£ Γùï /rbac
Γö£ Γùï /receipt
Γö£ Γùï /reports
Γö£ Γùï /settings
Γö£ Γùï /settings/integrations
Γö£ Γùï /settings/rate-providers
Γö£ Γùï /settings/webhooks
Γöö Γùï /test-api


╞Æ Proxy (Middleware)

Γùï  (Static)   prerendered as static content
╞Æ  (Dynamic)  server-rendered on demand

